// Jest Snapshot v1, https://goo.gl/fbAQLP

exports[`llms.txt log matches content hash snapshot 1`] = `"ea1701456bad2501a63bf781387f5e9018528ad123dd1207876f9491ba11e96b"`;
